Fri Sep 25 12:35:08 UTC 2026 -> Add data lock for picolibc aarch64 build status data to be written
Fri Sep 25 12:35:13 UTC 2026 -> Add data lock for picolibc arm build status data to be written
Fri Sep 25 12:35:23 UTC 2026 -> Add data lock for picolibc riscv32 build status data to be written
Fri Sep 25 12:35:35 UTC 2026 -> Add data lock for picolibc x86_64 build status data to be written
Fri Sep 25 12:35:48 UTC 2026 -> Add data lock for picolibc riscv64 build status data to be written
Fri Sep 25 12:35:53 UTC 2026 -> Add data lock for picolibc hexagon build status data to be written
Sat Sep 26 12:05:01 UTC 2026 -> Add data lock for picolibc riscv32 build status data to be written
Sat Sep 26 12:05:08 UTC 2026 -> Add data lock for picolibc aarch64 build status data to be written
Sat Sep 26 12:05:19 UTC 2026 -> Add data lock for picolibc hexagon build status data to be written
Sat Sep 26 12:05:26 UTC 2026 -> Add picolibc riscv64 build status data in DB
Sat Sep 26 12:05:31 UTC 2026 -> Add data lock for picolibc x86_64 build status data to be written
Sat Sep 26 12:05:35 UTC 2026 -> Add data lock for picolibc arm build status data to be written
Sun Sep 27 12:47:48 UTC 2026 -> Add data lock for picolibc riscv64 build status data to be written
Sun Sep 27 12:47:54 UTC 2026 -> Add data lock for picolibc riscv32 build status data to be written
Sun Sep 27 12:48:04 UTC 2026 -> Add data lock for picolibc x86_64 build status data to be written
Sun Sep 27 12:48:11 UTC 2026 -> Add data lock for picolibc aarch64 build status data to be written
Sun Sep 27 12:48:19 UTC 2026 -> Add picolibc hexagon build status data in DB
Sun Sep 27 12:48:29 UTC 2026 -> Add data lock for picolibc arm build status data to be written
Mon Sep 28 14:59:20 UTC 2026 -> Add data lock for picolibc aarch64 build status data to be written
Mon Sep 28 14:59:33 UTC 2026 -> Add data lock for picolibc riscv32 build status data to be written
Mon Sep 28 14:59:38 UTC 2026 -> Add data lock for picolibc hexagon build status data to be written
Mon Sep 28 14:59:47 UTC 2026 -> Add data lock for picolibc x86_64 build status data to be written
Mon Sep 28 15:00:04 UTC 2026 -> Add data lock for picolibc riscv64 build status data to be written
Tue Sep 29 13:45:54 UTC 2026 -> Add data lock for picolibc hexagon build status data to be written
Tue Sep 29 13:46:08 UTC 2026 -> Add data lock for picolibc riscv64 build status data to be written
Tue Sep 29 13:46:13 UTC 2026 -> Add data lock for picolibc aarch64 build status data to be written
Tue Sep 29 13:46:32 UTC 2026 -> Add data lock for picolibc riscv32 build status data to be written
Tue Sep 29 13:46:52 UTC 2026 -> Add data lock for picolibc arm build status data to be written
Tue Sep 29 13:47:10 UTC 2026 -> Add data lock for picolibc x86_64 build status data to be written
Wed Sep 30 13:21:58 UTC 2026 -> Add data lock for picolibc x86_64 build status data to be written
Wed Sep 30 13:22:11 UTC 2026 -> Add data lock for picolibc arm build status data to be written
Wed Sep 30 13:22:30 UTC 2026 -> Add data lock for picolibc aarch64 build status data to be written
Wed Sep 30 13:22:43 UTC 2026 -> Add data lock for picolibc riscv32 build status data to be written
Wed Sep 30 13:23:01 UTC 2026 -> Add picolibc hexagon build status data in DB
Wed Sep 30 13:23:19 UTC 2026 -> Add picolibc riscv64 build status data in DB
Thu Oct  1 14:14:02 UTC 2026 -> Add data lock for picolibc riscv32 build status data to be written
Thu Oct  1 14:14:16 UTC 2026 -> Add data lock for picolibc arm build status data to be written
Thu Oct  1 14:14:19 UTC 2026 -> Add data lock for picolibc aarch64 build status data to be written
Thu Oct  1 14:14:27 UTC 2026 -> Add picolibc hexagon build status data in DB
Thu Oct  1 14:14:29 UTC 2026 -> Add data lock for picolibc x86_64 build status data to be written
Thu Oct  1 14:14:36 UTC 2026 -> Add data lock for picolibc riscv64 build status data to be written
Fri Oct  9 17:22:52 UTC 2026 -> Add data lock for llvm-test-suite x86_64 build status data to be written
Sat Oct 10 13:19:20 UTC 2026 -> Add data lock for nightly all build status data to be written
Sat Oct 10 16:08:41 UTC 2026 -> Add data lock for llvm-test-suite x86_64 build status data to be written
